// Vitest Snapshot v1, https://vitest.dev/guide/snapshot.html

exports[`repro 1`] = `1`;
